
> el-minassa_chat@0.1.0 build
> prisma generate && next build

Environment variables loaded from .env
Prisma schema loaded from prisma\schema.prisma

Ô£ö Generated Prisma Client (v5.22.0) to .\node_modules\@prisma\client in 327ms

Start by importing your Prisma Client (See: https://pris.ly/d/importing-client)

Tip: Curious about the SQL queries Prisma ORM generates? Optimize helps you enhance your visibility: https://pris.ly/tip-2-optimize

Ôû▓ Next.js 16.2.7 (Turbopack)
- Environments: .env.local, .env

  Creating an optimized production build ...
Ô£ô Compiled successfully in 17.3s
  Running TypeScript ...
node.exe : Failed to type check.
Au caractère Ligne:1 : 1
+ & "C:\Program Files\nodejs/node.exe" "C:\Users\admin\AppData\Roaming\ ...
+ ~~~~~~~~~~~~~~~~~~~~~~~~~~~~~~~~~~~~~~~~~~~~~~~~~~~~~~~~~~~~~~~~~~~~~
    + CategoryInfo          : NotSpecified: (Failed to type check.:String) [], 
    RemoteException
    + FullyQualifiedErrorId : NativeCommandError
 

./app/dashboard/messagerie/page.tsx:423:99
Type error: Argument of type 'string | Date' is not assignable to parameter of 
type 'string'.
  Type 'Date' is not assignable to type 'string'.

  [90m421 |[0m ...
  [90m422 |[0m ...
[31m[1m>[0m [90m423 |[0m ...[32mxt-gray-400 
whitespace-nowrap"[0m>{formatTime(conv.lastTime)}</span>
  [90m    |[0m                                               [31m[1m^[0m
  [90m424 |[0m ...
  [90m425 |[0m ...{conv.unread > [35m0[0m ? [32m"font-semibold 
text-primary"[0m : [32m"text-gray-500"[0m[32m}`[0m}>
  [90m426 |[0m ...[32mÏ¡ÏºÏ»Ï½Ï® Ï¼Ï»┘èÏ»Ï®..."[0m}
Next.js build worker exited with code: 1 and signal: null
